---
source: parser/src/parser.rs
expression: parse_ast
---
Module(
    ModModule {
        range: 0..760,
        body: [
            Expr(
                StmtExpr {
                    range: 21..42,
                    value: BinOp(
                        ExprBinOp {
                            range: 27..40,
                            left: Name(
                                ExprName {
                                    range: 27..28,
                                    id: "a",
                                    ctx: Load,
                                },
                            ),
                            op: Mod,
                            right: Name(
                                ExprName {
                                    range: 39..40,
                                    id: "b",
                                    ctx: Load,
                                },
                            ),
                        },
                    ),
                },
            ),
            LineMagic(
                StmtLineMagic {
                    range: 66..73,
                    kind: "??",
                    value: "a.foo",
                },
            ),
            LineMagic(
                StmtLineMagic {
                    range: 74..80,
                    kind: "?",
                    value: "a.foo",
                },
            ),
            LineMagic(
                StmtLineMagic {
                    range: 81..88,
                    kind: "?",
                    value: "a.foo?",
                },
            ),
            LineMagic(
                StmtLineMagic {
                    range: 89..100,
                    kind: "??",
                    value: "a.foo()??",
                },
            ),
            LineMagic(
                StmtLineMagic {
                    range: 115..128,
                    kind: "%",
                    value: "timeit a = b",
                },
            ),
            LineMagic(
                StmtLineMagic {
                    range: 129..147,
                    kind: "%",
                    value: "timeit foo(b) % 3",
                },
            ),
            LineMagic(
                StmtLineMagic {
                    range: 148..176,
                    kind: "%",
                    value: "alias showPath pwd && ls -a",
                },
            ),
            LineMagic(
                StmtLineMagic {
                    range: 177..205,
                    kind: "%",
                    value: "timeit a =  foo(b); b = 2",
                },
            ),
            LineMagic(
                StmtLineMagic {
                    range: 206..226,
                    kind: "%",
                    value: "matplotlib --inline",
                },
            ),
            LineMagic(
                StmtLineMagic {
                    range: 227..253,
                    kind: "%",
                    value: "matplotlib     --inline",
                },
            ),
            LineMagic(
                StmtLineMagic {
                    range: 277..309,
                    kind: "!",
                    value: "pwd && ls -a | sed 's/^/\\    /'",
                },
            ),
            LineMagic(
                StmtLineMagic {
                    range: 310..347,
                    kind: "!",
                    value: "pwd   && ls -a | sed 's/^/\\\\    /'",
                },
            ),
            LineMagic(
                StmtLineMagic {
                    range: 348..393,
                    kind: "!!",
                    value: "cd /Users/foo/Library/Application\\ Support/",
                },
            ),
            FunctionDef(
                StmtFunctionDef {
                    range: 566..626,
                    name: Identifier {
                        id: "foo",
                        range: 570..573,
                    },
                    args: Arguments {
                        range: 573..575,
                        posonlyargs: [],
                        args: [],
                        vararg: None,
                        kwonlyargs: [],
                        kwarg: None,
                    },
                    body: [
                        Return(
                            StmtReturn {
                                range: 581..626,
                                value: Some(
                                    Compare(
                                        ExprCompare {
                                            range: 598..620,
                                            left: Name(
                                                ExprName {
                                                    range: 598..599,
                                                    id: "a",
                                                    ctx: Load,
                                                },
                                            ),
                                            ops: [
                                                NotEq,
                                            ],
                                            comparators: [
                                                Name(
                                                    ExprName {
                                                        range: 619..620,
                                                        id: "b",
                                                        ctx: Load,
                                                    },
                                                ),
                                            ],
                                        },
                                    ),
                                ),
                            },
                        ),
                    ],
                    decorator_list: [],
                    returns: None,
                    type_params: [],
                    type_comment: None,
                },
            ),
            LineMagic(
                StmtLineMagic {
                    range: 656..664,
                    kind: "/",
                    value: "foo 1 2",
                },
            ),
            LineMagic(
                StmtLineMagic {
                    range: 665..673,
                    kind: ";",
                    value: "foo 1 2",
                },
            ),
            LineMagic(
                StmtLineMagic {
                    range: 674..682,
                    kind: ",",
                    value: "foo 1 2",
                },
            ),
            For(
                StmtFor {
                    range: 701..727,
                    target: Name(
                        ExprName {
                            range: 705..706,
                            id: "a",
                            ctx: Store,
                        },
                    ),
                    iter: Call(
                        ExprCall {
                            range: 710..718,
                            func: Name(
                                ExprName {
                                    range: 710..715,
                                    id: "range",
                                    ctx: Load,
                                },
                            ),
                            args: [
                                Constant(
                                    ExprConstant {
                                        range: 716..717,
                                        value: Int(
                                            5,
                                        ),
                                        kind: None,
                                    },
                                ),
                            ],
                            keywords: [],
                        },
                    ),
                    body: [
                        LineMagic(
                            StmtLineMagic {
                                range: 724..727,
                                kind: "!",
                                value: "ls",
                            },
                        ),
                    ],
                    orelse: [],
                    type_comment: None,
                },
            ),
            Assign(
                StmtAssign {
                    range: 729..739,
                    targets: [
                        Name(
                            ExprName {
                                range: 729..732,
                                id: "pwd",
                                ctx: Store,
                            },
                        ),
                    ],
                    value: LineMagic(
                        ExprLineMagic {
                            range: 735..739,
                            kind: "!",
                            value: "pwd",
                        },
                    ),
                    type_comment: None,
                },
            ),
            Assign(
                StmtAssign {
                    range: 740..760,
                    targets: [
                        Name(
                            ExprName {
                                range: 740..743,
                                id: "foo",
                                ctx: Store,
                            },
                        ),
                    ],
                    value: LineMagic(
                        ExprLineMagic {
                            range: 746..760,
                            kind: "%",
                            value: "foo     bar",
                        },
                    ),
                    type_comment: None,
                },
            ),
        ],
        type_ignores: [],
    },
)
