---
source: parser/src/parser.rs
expression: parse_ast
---
Module(
    ModModule {
        range: 0..43,
        body: [
            Expr(
                StmtExpr {
                    range: 21..42,
                    value: BinOp(
                        ExprBinOp {
                            range: 27..40,
                            left: Name(
                                ExprName {
                                    range: 27..28,
                                    id: "a",
                                    ctx: Load,
                                },
                            ),
                            op: Mod,
                            right: Name(
                                ExprName {
                                    range: 39..40,
                                    id: "b",
                                    ctx: Load,
                                },
                            ),
                        },
                    ),
                },
            ),
        ],
        type_ignores: [],
    },
)
